EasyPIM Orchestrator Execution	Set up job	Ôªø2025-09-07T11:52:59.0297500Z Current runner version: '2.328.0'
EasyPIM Orchestrator Execution	Set up job	2025-09-07T11:52:59.0321540Z ##[group]Runner Image Provisioner
EasyPIM Orchestrator Execution	Set up job	2025-09-07T11:52:59.0322516Z Hosted Compute Agent
EasyPIM Orchestrator Execution	Set up job	2025-09-07T11:52:59.0323108Z Version: 20250829.383
EasyPIM Orchestrator Execution	Set up job	2025-09-07T11:52:59.0323692Z Commit: 27cb235aab5b0e52e153a26cd86b4742e89dac5d
EasyPIM Orchestrator Execution	Set up job	2025-09-07T11:52:59.0324452Z Build Date: 2025-08-29T13:48:48Z
EasyPIM Orchestrator Execution	Set up job	2025-09-07T11:52:59.0325051Z ##[endgroup]
EasyPIM Orchestrator Execution	Set up job	2025-09-07T11:52:59.0325902Z ##[group]Operating System
EasyPIM Orchestrator Execution	Set up job	2025-09-07T11:52:59.0326526Z Ubuntu
EasyPIM Orchestrator Execution	Set up job	2025-09-07T11:52:59.0327003Z 24.04.3
EasyPIM Orchestrator Execution	Set up job	2025-09-07T11:52:59.0327453Z LTS
EasyPIM Orchestrator Execution	Set up job	2025-09-07T11:52:59.0327951Z ##[endgroup]
EasyPIM Orchestrator Execution	Set up job	2025-09-07T11:52:59.0328492Z ##[group]Runner Image
EasyPIM Orchestrator Execution	Set up job	2025-09-07T11:52:59.0329019Z Image: ubuntu-24.04
EasyPIM Orchestrator Execution	Set up job	2025-09-07T11:52:59.0329717Z Version: 20250831.1.0
EasyPIM Orchestrator Execution	Set up job	2025-09-07T11:52:59.0330710Z Included Software: https://github.com/actions/runner-images/blob/ubuntu24/20250831.1/images/ubuntu/Ubuntu2404-Readme.md
EasyPIM Orchestrator Execution	Set up job	2025-09-07T11:52:59.0332110Z Image Release: https://github.com/actions/runner-images/releases/tag/ubuntu24%2F20250831.1
EasyPIM Orchestrator Execution	Set up job	2025-09-07T11:52:59.0333376Z ##[endgroup]
EasyPIM Orchestrator Execution	Set up job	2025-09-07T11:52:59.0334640Z ##[group]GITHUB_TOKEN Permissions
EasyPIM Orchestrator Execution	Set up job	2025-09-07T11:52:59.0336626Z Contents: read
EasyPIM Orchestrator Execution	Set up job	2025-09-07T11:52:59.0337299Z Metadata: read
EasyPIM Orchestrator Execution	Set up job	2025-09-07T11:52:59.0337927Z ##[endgroup]
EasyPIM Orchestrator Execution	Set up job	2025-09-07T11:52:59.0340044Z Secret source: Actions
EasyPIM Orchestrator Execution	Set up job	2025-09-07T11:52:59.0340977Z Prepare workflow directory
EasyPIM Orchestrator Execution	Set up job	2025-09-07T11:52:59.0920391Z Prepare all required actions
EasyPIM Orchestrator Execution	Set up job	2025-09-07T11:52:59.0957981Z Getting action download info
EasyPIM Orchestrator Execution	Set up job	2025-09-07T11:52:59.4545529Z Download action repository 'actions/checkout@v4' (SHA:08eba0b27e820071cde6df949e0beb9ba4906955)
EasyPIM Orchestrator Execution	Set up job	2025-09-07T11:52:59.6650489Z Download action repository 'azure/login@v2' (SHA:a457da9ea143d694b1b9c7c869ebb04ebe844ef5)
EasyPIM Orchestrator Execution	Set up job	2025-09-07T11:53:00.3043269Z Download action repository 'actions/upload-artifact@v4' (SHA:ea165f8d65b6e75b540449e92b4886f43607fa02)
EasyPIM Orchestrator Execution	Set up job	2025-09-07T11:53:00.5413677Z Complete job name: EasyPIM Orchestrator Execution
EasyPIM Orchestrator Execution	Checkout Repository	Ôªø2025-09-07T11:53:00.6054474Z ##[group]Run actions/checkout@v4
EasyPIM Orchestrator Execution	Checkout Repository	2025-09-07T11:53:00.6055548Z with:
EasyPIM Orchestrator Execution	Checkout Repository	2025-09-07T11:53:00.6056088Z   repository: kayasax/EasyPIM-EventDriven-Governance
EasyPIM Orchestrator Execution	Checkout Repository	2025-09-07T11:53:00.6056916Z   token: ***
EasyPIM Orchestrator Execution	Checkout Repository	2025-09-07T11:53:00.6057359Z   ssh-strict: true
EasyPIM Orchestrator Execution	Checkout Repository	2025-09-07T11:53:00.6057794Z   ssh-user: git
EasyPIM Orchestrator Execution	Checkout Repository	2025-09-07T11:53:00.6058232Z   persist-credentials: true
EasyPIM Orchestrator Execution	Checkout Repository	2025-09-07T11:53:00.6058718Z   clean: true
EasyPIM Orchestrator Execution	Checkout Repository	2025-09-07T11:53:00.6059152Z   sparse-checkout-cone-mode: true
EasyPIM Orchestrator Execution	Checkout Repository	2025-09-07T11:53:00.6059666Z   fetch-depth: 1
EasyPIM Orchestrator Execution	Checkout Repository	2025-09-07T11:53:00.6060097Z   fetch-tags: false
EasyPIM Orchestrator Execution	Checkout Repository	2025-09-07T11:53:00.6060536Z   show-progress: true
EasyPIM Orchestrator Execution	Checkout Repository	2025-09-07T11:53:00.6060986Z   lfs: false
EasyPIM Orchestrator Execution	Checkout Repository	2025-09-07T11:53:00.6061403Z   submodules: false
EasyPIM Orchestrator Execution	Checkout Repository	2025-09-07T11:53:00.6061853Z   set-safe-directory: true
EasyPIM Orchestrator Execution	Checkout Repository	2025-09-07T11:53:00.6062573Z env:
EasyPIM Orchestrator Execution	Checkout Repository	2025-09-07T11:53:00.6063012Z   KEYVAULT_NAME: kv-easypim-8368
EasyPIM Orchestrator Execution	Checkout Repository	2025-09-07T11:53:00.6063545Z   SECRET_NAME: easypim-config-json
EasyPIM Orchestrator Execution	Checkout Repository	2025-09-07T11:53:00.6064154Z   TENANT_ID: ***
EasyPIM Orchestrator Execution	Checkout Repository	2025-09-07T11:53:00.6064696Z   SUBSCRIPTION_ID: ***
EasyPIM Orchestrator Execution	Checkout Repository	2025-09-07T11:53:00.6065420Z   AZURE_CLIENT_ID: ***
EasyPIM Orchestrator Execution	Checkout Repository	2025-09-07T11:53:00.6065869Z ##[endgroup]
EasyPIM Orchestrator Execution	Checkout Repository	2025-09-07T11:53:00.7120660Z Syncing repository: kayasax/EasyPIM-EventDriven-Governance
EasyPIM Orchestrator Execution	Checkout Repository	2025-09-07T11:53:00.7122697Z ##[group]Getting Git version info
EasyPIM Orchestrator Execution	Checkout Repository	2025-09-07T11:53:00.7123929Z Working directory is '/home/runner/work/EasyPIM-EventDriven-Governance/EasyPIM-EventDriven-Governance'
EasyPIM Orchestrator Execution	Checkout Repository	2025-09-07T11:53:00.7125535Z [command]/usr/bin/git version
EasyPIM Orchestrator Execution	Checkout Repository	2025-09-07T11:53:00.7186978Z git version 2.51.0
EasyPIM Orchestrator Execution	Checkout Repository	2025-09-07T11:53:00.7214422Z ##[endgroup]
EasyPIM Orchestrator Execution	Checkout Repository	2025-09-07T11:53:00.7230292Z Temporarily overriding HOME='/home/runner/work/_temp/e9ef8d2a-0fe4-4e01-9d0b-4df3635a0574' before making global git config changes
EasyPIM Orchestrator Execution	Checkout Repository	2025-09-07T11:53:00.7232799Z Adding repository directory to the temporary git global config as a safe directory
EasyPIM Orchestrator Execution	Checkout Repository	2025-09-07T11:53:00.7244261Z [command]/usr/bin/git config --global --add safe.directory /home/runner/work/EasyPIM-EventDriven-Governance/EasyPIM-EventDriven-Governance
EasyPIM Orchestrator Execution	Checkout Repository	2025-09-07T11:53:00.7280430Z Deleting the contents of '/home/runner/work/EasyPIM-EventDriven-Governance/EasyPIM-EventDriven-Governance'
EasyPIM Orchestrator Execution	Checkout Repository	2025-09-07T11:53:00.7283527Z ##[group]Initializing the repository
EasyPIM Orchestrator Execution	Checkout Repository	2025-09-07T11:53:00.7289416Z [command]/usr/bin/git init /home/runner/work/EasyPIM-EventDriven-Governance/EasyPIM-EventDriven-Governance
EasyPIM Orchestrator Execution	Checkout Repository	2025-09-07T11:53:00.7396938Z hint: Using 'master' as the name for the initial branch. This default branch name
EasyPIM Orchestrator Execution	Checkout Repository	2025-09-07T11:53:00.7398321Z hint: is subject to change. To configure the initial branch name to use in all
EasyPIM Orchestrator Execution	Checkout Repository	2025-09-07T11:53:00.7399281Z hint: of your new repositories, which will suppress this warning, call:
EasyPIM Orchestrator Execution	Checkout Repository	2025-09-07T11:53:00.7400449Z hint:
EasyPIM Orchestrator Execution	Checkout Repository	2025-09-07T11:53:00.7401173Z hint: 	git config --global init.defaultBranch <name>
EasyPIM Orchestrator Execution	Checkout Repository	2025-09-07T11:53:00.7401933Z hint:
EasyPIM Orchestrator Execution	Checkout Repository	2025-09-07T11:53:00.7402987Z hint: Names commonly chosen instead of 'master' are 'main', 'trunk' and
EasyPIM Orchestrator Execution	Checkout Repository	2025-09-07T11:53:00.7404666Z hint: 'development'. The just-created branch can be renamed via this command:
EasyPIM Orchestrator Execution	Checkout Repository	2025-09-07T11:53:00.7406226Z hint:
EasyPIM Orchestrator Execution	Checkout Repository	2025-09-07T11:53:00.7407025Z hint: 	git branch -m <name>
EasyPIM Orchestrator Execution	Checkout Repository	2025-09-07T11:53:00.7407966Z hint:
EasyPIM Orchestrator Execution	Checkout Repository	2025-09-07T11:53:00.7409065Z hint: Disable this message with "git config set advice.defaultBranchName false"
EasyPIM Orchestrator Execution	Checkout Repository	2025-09-07T11:53:00.7411372Z Initialized empty Git repository in /home/runner/work/EasyPIM-EventDriven-Governance/EasyPIM-EventDriven-Governance/.git/
EasyPIM Orchestrator Execution	Checkout Repository	2025-09-07T11:53:00.7415121Z [command]/usr/bin/git remote add origin https://github.com/kayasax/EasyPIM-EventDriven-Governance
EasyPIM Orchestrator Execution	Checkout Repository	2025-09-07T11:53:00.7451310Z ##[endgroup]
EasyPIM Orchestrator Execution	Checkout Repository	2025-09-07T11:53:00.7452634Z ##[group]Disabling automatic garbage collection
EasyPIM Orchestrator Execution	Checkout Repository	2025-09-07T11:53:00.7456117Z [command]/usr/bin/git config --local gc.auto 0
EasyPIM Orchestrator Execution	Checkout Repository	2025-09-07T11:53:00.7484325Z ##[endgroup]
EasyPIM Orchestrator Execution	Checkout Repository	2025-09-07T11:53:00.7485678Z ##[group]Setting up auth
EasyPIM Orchestrator Execution	Checkout Repository	2025-09-07T11:53:00.7491031Z [command]/usr/bin/git config --local --name-only --get-regexp core\.sshCommand
EasyPIM Orchestrator Execution	Checkout Repository	2025-09-07T11:53:00.7520857Z [command]/usr/bin/git submodule foreach --recursive sh -c "git config --local --name-only --get-regexp 'core\.sshCommand' && git config --local --unset-all 'core.sshCommand' || :"
EasyPIM Orchestrator Execution	Checkout Repository	2025-09-07T11:53:00.7869355Z [command]/usr/bin/git config --local --name-only --get-regexp http\.https\:\/\/github\.com\/\.extraheader
EasyPIM Orchestrator Execution	Checkout Repository	2025-09-07T11:53:00.7899779Z [command]/usr/bin/git submodule foreach --recursive sh -c "git config --local --name-only --get-regexp 'http\.https\:\/\/github\.com\/\.extraheader' && git config --local --unset-all 'http.https://github.com/.extraheader' || :"
EasyPIM Orchestrator Execution	Checkout Repository	2025-09-07T11:53:00.8116078Z [command]/usr/bin/git config --local http.https://github.com/.extraheader AUTHORIZATION: basic ***
EasyPIM Orchestrator Execution	Checkout Repository	2025-09-07T11:53:00.8157676Z ##[endgroup]
EasyPIM Orchestrator Execution	Checkout Repository	2025-09-07T11:53:00.8158606Z ##[group]Fetching the repository
EasyPIM Orchestrator Execution	Checkout Repository	2025-09-07T11:53:00.8166321Z [command]/usr/bin/git -c protocol.version=2 fetch --no-tags --prune --no-recurse-submodules --depth=1 origin +e15500f36ee694fb27d7dd409ef4c91d327c9e6e:refs/remotes/origin/main
EasyPIM Orchestrator Execution	Checkout Repository	2025-09-07T11:53:01.3343763Z From https://github.com/kayasax/EasyPIM-EventDriven-Governance
EasyPIM Orchestrator Execution	Checkout Repository	2025-09-07T11:53:01.3346101Z  * [new ref]         e15500f36ee694fb27d7dd409ef4c91d327c9e6e -> origin/main
EasyPIM Orchestrator Execution	Checkout Repository	2025-09-07T11:53:01.3379736Z ##[endgroup]
EasyPIM Orchestrator Execution	Checkout Repository	2025-09-07T11:53:01.3381657Z ##[group]Determining the checkout info
EasyPIM Orchestrator Execution	Checkout Repository	2025-09-07T11:53:01.3383815Z ##[endgroup]
EasyPIM Orchestrator Execution	Checkout Repository	2025-09-07T11:53:01.3386772Z [command]/usr/bin/git sparse-checkout disable
EasyPIM Orchestrator Execution	Checkout Repository	2025-09-07T11:53:01.3430916Z [command]/usr/bin/git config --local --unset-all extensions.worktreeConfig
EasyPIM Orchestrator Execution	Checkout Repository	2025-09-07T11:53:01.3462408Z ##[group]Checking out the ref
EasyPIM Orchestrator Execution	Checkout Repository	2025-09-07T11:53:01.3465808Z [command]/usr/bin/git checkout --progress --force -B main refs/remotes/origin/main
EasyPIM Orchestrator Execution	Checkout Repository	2025-09-07T11:53:01.3557678Z Switched to a new branch 'main'
EasyPIM Orchestrator Execution	Checkout Repository	2025-09-07T11:53:01.3560407Z branch 'main' set up to track 'origin/main'.
EasyPIM Orchestrator Execution	Checkout Repository	2025-09-07T11:53:01.3602607Z ##[endgroup]
EasyPIM Orchestrator Execution	Checkout Repository	2025-09-07T11:53:01.3606714Z [command]/usr/bin/git log -1 --format=%H
EasyPIM Orchestrator Execution	Checkout Repository	2025-09-07T11:53:01.3630384Z e15500f36ee694fb27d7dd409ef4c91d327c9e6e
EasyPIM Orchestrator Execution	Install and Validate EasyPIM Modules	Ôªø2025-09-07T11:53:01.3865416Z ##[group]Run Write-Host "üî• Installing and validating EasyPIM modules..." -ForegroundColor Cyan
EasyPIM Orchestrator Execution	Install and Validate EasyPIM Modules	2025-09-07T11:53:01.3869853Z [36;1mWrite-Host "üî• Installing and validating EasyPIM modules..." -ForegroundColor Cyan[0m
EasyPIM Orchestrator Execution	Install and Validate EasyPIM Modules	2025-09-07T11:53:01.3873456Z [36;1m$success = . ./scripts/workflows/Install-EasyPIMModules.ps1[0m
EasyPIM Orchestrator Execution	Install and Validate EasyPIM Modules	2025-09-07T11:53:01.3876444Z [36;1mif (-not $success) {[0m
EasyPIM Orchestrator Execution	Install and Validate EasyPIM Modules	2025-09-07T11:53:01.3878991Z [36;1m  Write-Error "‚ùå CRITICAL FAILURE: EasyPIM modules installation failed"[0m
EasyPIM Orchestrator Execution	Install and Validate EasyPIM Modules	2025-09-07T11:53:01.3881866Z [36;1m  exit 1[0m
EasyPIM Orchestrator Execution	Install and Validate EasyPIM Modules	2025-09-07T11:53:01.3883336Z [36;1m}[0m
EasyPIM Orchestrator Execution	Install and Validate EasyPIM Modules	2025-09-07T11:53:01.3886769Z [36;1mWrite-Host "‚úÖ EasyPIM modules installation and validation completed successfully" -ForegroundColor Green[0m
EasyPIM Orchestrator Execution	Install and Validate EasyPIM Modules	2025-09-07T11:53:01.6190435Z shell: /usr/bin/pwsh -command ". '{0}'"
EasyPIM Orchestrator Execution	Install and Validate EasyPIM Modules	2025-09-07T11:53:01.6192139Z env:
EasyPIM Orchestrator Execution	Install and Validate EasyPIM Modules	2025-09-07T11:53:01.6193294Z   KEYVAULT_NAME: kv-easypim-8368
EasyPIM Orchestrator Execution	Install and Validate EasyPIM Modules	2025-09-07T11:53:01.6194856Z   SECRET_NAME: easypim-config-json
EasyPIM Orchestrator Execution	Install and Validate EasyPIM Modules	2025-09-07T11:53:01.6197464Z   TENANT_ID: ***
EasyPIM Orchestrator Execution	Install and Validate EasyPIM Modules	2025-09-07T11:53:01.6198717Z   SUBSCRIPTION_ID: ***
EasyPIM Orchestrator Execution	Install and Validate EasyPIM Modules	2025-09-07T11:53:01.6199880Z   AZURE_CLIENT_ID: ***
EasyPIM Orchestrator Execution	Install and Validate EasyPIM Modules	2025-09-07T11:53:01.6200836Z ##[endgroup]
EasyPIM Orchestrator Execution	Install and Validate EasyPIM Modules	2025-09-07T11:53:07.7764527Z üî• Installing and validating EasyPIM modules...
EasyPIM Orchestrator Execution	Install and Validate EasyPIM Modules	2025-09-07T11:53:07.7896477Z üöÄ Installing EasyPIM modules from PowerShell Gallery...
EasyPIM Orchestrator Execution	Install and Validate EasyPIM Modules	2025-09-07T11:53:07.7898947Z üì¶ Installing latest EasyPIM and EasyPIM.Orchestrator...
EasyPIM Orchestrator Execution	Install and Validate EasyPIM Modules	2025-09-07T11:53:17.5805720Z [33;1mWARNING: The version '2.30.0' of module 'Microsoft.Graph.Authentication' is currently in use. Retry the operation after closing the applications.[0m
EasyPIM Orchestrator Execution	Install and Validate EasyPIM Modules	2025-09-07T11:53:20.8274895Z    ‚úÖ Latest versions installed successfully
EasyPIM Orchestrator Execution	Install and Validate EasyPIM Modules	2025-09-07T11:53:20.8276135Z üì¶ Installing required Azure modules...
EasyPIM Orchestrator Execution	Install and Validate EasyPIM Modules	2025-09-07T11:53:26.7623233Z    ‚úÖ Azure modules installed successfully
EasyPIM Orchestrator Execution	Install and Validate EasyPIM Modules	2025-09-07T11:53:26.7623879Z üì¶ Importing EasyPIM module...
EasyPIM Orchestrator Execution	Install and Validate EasyPIM Modules	2025-09-07T11:53:28.4307389Z    ‚úÖ EasyPIM imported successfully
EasyPIM Orchestrator Execution	Install and Validate EasyPIM Modules	2025-09-07T11:53:28.4308118Z üì¶ Importing EasyPIM.Orchestrator module...
EasyPIM Orchestrator Execution	Install and Validate EasyPIM Modules	2025-09-07T11:53:28.4559199Z    ‚úÖ EasyPIM.Orchestrator imported successfully
EasyPIM Orchestrator Execution	Install and Validate EasyPIM Modules	2025-09-07T11:53:28.4560019Z üîç Verifying module imports...
EasyPIM Orchestrator Execution	Install and Validate EasyPIM Modules	2025-09-07T11:53:28.4560785Z 
EasyPIM Orchestrator Execution	Install and Validate EasyPIM Modules	2025-09-07T11:53:28.4561267Z üìã Installed Module Versions:
EasyPIM Orchestrator Execution	Install and Validate EasyPIM Modules	2025-09-07T11:53:28.4623913Z    ‚úÖ EasyPIM: v2.0.16 (Loaded: v2.0.16)
EasyPIM Orchestrator Execution	Install and Validate EasyPIM Modules	2025-09-07T11:53:28.4625433Z    ‚úÖ EasyPIM.Orchestrator: v1.2.9 (Loaded: v1.2.9)
EasyPIM Orchestrator Execution	Install and Validate EasyPIM Modules	2025-09-07T11:53:28.4625835Z 
EasyPIM Orchestrator Execution	Install and Validate EasyPIM Modules	2025-09-07T11:53:28.4626073Z üîç Verifying key functions...
EasyPIM Orchestrator Execution	Install and Validate EasyPIM Modules	2025-09-07T11:53:28.4641399Z    ‚úÖ Invoke-EasyPIMOrchestrator function available
EasyPIM Orchestrator Execution	Install and Validate EasyPIM Modules	2025-09-07T11:53:28.4692037Z üîç Verifying module imports...
EasyPIM Orchestrator Execution	Install and Validate EasyPIM Modules	2025-09-07T11:53:28.4751403Z üìã Installed Module Versions:
EasyPIM Orchestrator Execution	Install and Validate EasyPIM Modules	2025-09-07T11:53:28.4752005Z    ‚úÖ EasyPIM: v2.0.16 (Loaded: v2.0.16)
EasyPIM Orchestrator Execution	Install and Validate EasyPIM Modules	2025-09-07T11:53:28.4755984Z    ‚úÖ EasyPIM.Orchestrator: v1.2.9 (Loaded: v1.2.9)
EasyPIM Orchestrator Execution	Install and Validate EasyPIM Modules	2025-09-07T11:53:28.4756636Z üîç Verifying key functions...
EasyPIM Orchestrator Execution	Install and Validate EasyPIM Modules	2025-09-07T11:53:28.4760763Z    ‚úÖ Invoke-EasyPIMOrchestrator function available
EasyPIM Orchestrator Execution	Install and Validate EasyPIM Modules	2025-09-07T11:53:28.4761196Z 
EasyPIM Orchestrator Execution	Install and Validate EasyPIM Modules	2025-09-07T11:53:28.4761536Z ‚úÖ EasyPIM modules installed and imported successfully!
EasyPIM Orchestrator Execution	Install and Validate EasyPIM Modules	2025-09-07T11:53:28.4889041Z ‚úÖ EasyPIM modules installation and validation completed successfully
EasyPIM Orchestrator Execution	Azure OIDC Login	Ôªø2025-09-07T11:53:28.6080989Z ##[group]Run azure/login@v2
EasyPIM Orchestrator Execution	Azure OIDC Login	2025-09-07T11:53:28.6081274Z with:
EasyPIM Orchestrator Execution	Azure OIDC Login	2025-09-07T11:53:28.6081633Z   client-id: ***
EasyPIM Orchestrator Execution	Azure OIDC Login	2025-09-07T11:53:28.6081867Z   tenant-id: ***
EasyPIM Orchestrator Execution	Azure OIDC Login	2025-09-07T11:53:28.6082144Z   subscription-id: ***
EasyPIM Orchestrator Execution	Azure OIDC Login	2025-09-07T11:53:28.6082385Z   enable-AzPSSession: true
EasyPIM Orchestrator Execution	Azure OIDC Login	2025-09-07T11:53:28.6082605Z   environment: azurecloud
EasyPIM Orchestrator Execution	Azure OIDC Login	2025-09-07T11:53:28.6082831Z   allow-no-subscriptions: false
EasyPIM Orchestrator Execution	Azure OIDC Login	2025-09-07T11:53:28.6083108Z   audience: api://AzureADTokenExchange
EasyPIM Orchestrator Execution	Azure OIDC Login	2025-09-07T11:53:28.6083375Z   auth-type: SERVICE_PRINCIPAL
EasyPIM Orchestrator Execution	Azure OIDC Login	2025-09-07T11:53:28.6083983Z env:
EasyPIM Orchestrator Execution	Azure OIDC Login	2025-09-07T11:53:28.6084175Z   KEYVAULT_NAME: kv-easypim-8368
EasyPIM Orchestrator Execution	Azure OIDC Login	2025-09-07T11:53:28.6084420Z   SECRET_NAME: easypim-config-json
EasyPIM Orchestrator Execution	Azure OIDC Login	2025-09-07T11:53:28.6084712Z   TENANT_ID: ***
EasyPIM Orchestrator Execution	Azure OIDC Login	2025-09-07T11:53:28.6084960Z   SUBSCRIPTION_ID: ***
EasyPIM Orchestrator Execution	Azure OIDC Login	2025-09-07T11:53:28.6085457Z   AZURE_CLIENT_ID: ***
EasyPIM Orchestrator Execution	Azure OIDC Login	2025-09-07T11:53:28.6085660Z ##[endgroup]
EasyPIM Orchestrator Execution	Azure OIDC Login	2025-09-07T11:53:28.6449782Z Running Azure CLI Login.
EasyPIM Orchestrator Execution	Azure OIDC Login	2025-09-07T11:53:54.6889655Z [command]/usr/bin/az cloud set -n azurecloud
EasyPIM Orchestrator Execution	Azure OIDC Login	2025-09-07T11:53:54.9137228Z Done setting cloud: "azurecloud"
EasyPIM Orchestrator Execution	Azure OIDC Login	2025-09-07T11:53:55.1665958Z Federated token details:
EasyPIM Orchestrator Execution	Azure OIDC Login	2025-09-07T11:53:55.1666537Z  issuer - https://token.actions.githubusercontent.com
EasyPIM Orchestrator Execution	Azure OIDC Login	2025-09-07T11:53:55.1667730Z  subject claim - repo:kayasax/EasyPIM-EventDriven-Governance:ref:refs/heads/main
EasyPIM Orchestrator Execution	Azure OIDC Login	2025-09-07T11:53:55.1668428Z  audience - api://AzureADTokenExchange
EasyPIM Orchestrator Execution	Azure OIDC Login	2025-09-07T11:53:55.1669009Z  job_workflow_ref - kayasax/EasyPIM-EventDriven-Governance/.github/workflows/02-orchestrator-test.yml@refs/heads/main
EasyPIM Orchestrator Execution	Azure OIDC Login	2025-09-07T11:53:55.1669542Z Attempting Azure CLI login by using OIDC...
EasyPIM Orchestrator Execution	Azure OIDC Login	2025-09-07T11:53:56.7405736Z Subscription is set successfully.
EasyPIM Orchestrator Execution	Azure OIDC Login	2025-09-07T11:53:56.7406296Z Azure CLI login succeeds by using OIDC.
EasyPIM Orchestrator Execution	Azure OIDC Login	2025-09-07T11:53:56.7408347Z Running Azure PowerShell Login.
EasyPIM Orchestrator Execution	Azure OIDC Login	2025-09-07T11:54:37.1508665Z {
EasyPIM Orchestrator Execution	Azure OIDC Login	2025-09-07T11:54:37.1509054Z   Success: true,
EasyPIM Orchestrator Execution	Azure OIDC Login	2025-09-07T11:54:37.1512540Z   Result: '/home/runner/.local/share/powershell/Modules/Az.Accounts/5.3.0/Az.Accounts.psd1'
EasyPIM Orchestrator Execution	Azure OIDC Login	2025-09-07T11:54:37.1513235Z }
EasyPIM Orchestrator Execution	Azure OIDC Login	2025-09-07T11:54:37.3440855Z Federated token details:
EasyPIM Orchestrator Execution	Azure OIDC Login	2025-09-07T11:54:37.3441464Z  issuer - https://token.actions.githubusercontent.com
EasyPIM Orchestrator Execution	Azure OIDC Login	2025-09-07T11:54:37.3442407Z  subject claim - repo:kayasax/EasyPIM-EventDriven-Governance:ref:refs/heads/main
EasyPIM Orchestrator Execution	Azure OIDC Login	2025-09-07T11:54:37.3443295Z  audience - api://AzureADTokenExchange
EasyPIM Orchestrator Execution	Azure OIDC Login	2025-09-07T11:54:37.3444361Z  job_workflow_ref - kayasax/EasyPIM-EventDriven-Governance/.github/workflows/02-orchestrator-test.yml@refs/heads/main
EasyPIM Orchestrator Execution	Azure OIDC Login	2025-09-07T11:54:37.3445647Z Attempting Azure PowerShell login by using OIDC...
EasyPIM Orchestrator Execution	Azure OIDC Login	2025-09-07T11:54:42.8014397Z { Result: '', Success: true }
EasyPIM Orchestrator Execution	Azure OIDC Login	2025-09-07T11:54:42.8014973Z Running Azure PowerShell Login successfully.
EasyPIM Orchestrator Execution	EasyPIM Orchestrator with Integrated Authentication	Ôªø2025-09-07T11:54:42.8106450Z ##[group]Run # Execute EasyPIM Orchestrator with integrated authentication in single session
EasyPIM Orchestrator Execution	EasyPIM Orchestrator with Integrated Authentication	2025-09-07T11:54:42.8107134Z [36;1m# Execute EasyPIM Orchestrator with integrated authentication in single session[0m
EasyPIM Orchestrator Execution	EasyPIM Orchestrator with Integrated Authentication	2025-09-07T11:54:42.8107643Z [36;1m$success = . "./scripts/workflows/Invoke-EasyPIMWithAuth.ps1" `[0m
EasyPIM Orchestrator Execution	EasyPIM Orchestrator with Integrated Authentication	2025-09-07T11:54:42.8108012Z [36;1m  -KeyVaultName 'kv-easypim-8368' `[0m
EasyPIM Orchestrator Execution	EasyPIM Orchestrator with Integrated Authentication	2025-09-07T11:54:42.8108315Z [36;1m  -SecretName 'easypim-config-json' `[0m
EasyPIM Orchestrator Execution	EasyPIM Orchestrator with Integrated Authentication	2025-09-07T11:54:42.8108883Z [36;1m  -TenantId '***' `[0m
EasyPIM Orchestrator Execution	EasyPIM Orchestrator with Integrated Authentication	2025-09-07T11:54:42.8109232Z [36;1m  -SubscriptionId '***' `[0m
EasyPIM Orchestrator Execution	EasyPIM Orchestrator with Integrated Authentication	2025-09-07T11:54:42.8109534Z [36;1m  -ClientId '***' `[0m
EasyPIM Orchestrator Execution	EasyPIM Orchestrator with Integrated Authentication	2025-09-07T11:54:42.8109767Z [36;1m  -Mode 'delta' `[0m
EasyPIM Orchestrator Execution	EasyPIM Orchestrator with Integrated Authentication	2025-09-07T11:54:42.8110000Z [36;1m  -WhatIf ('true' -eq 'true') `[0m
EasyPIM Orchestrator Execution	EasyPIM Orchestrator with Integrated Authentication	2025-09-07T11:54:42.8110283Z [36;1m  -SkipPolicies ('false' -eq 'true') `[0m
EasyPIM Orchestrator Execution	EasyPIM Orchestrator with Integrated Authentication	2025-09-07T11:54:42.8110585Z [36;1m  -SkipAssignments ('false' -eq 'true') `[0m
EasyPIM Orchestrator Execution	EasyPIM Orchestrator with Integrated Authentication	2025-09-07T11:54:42.8110896Z [36;1m  -AllowProtectedRoles ('false' -eq 'true') `[0m
EasyPIM Orchestrator Execution	EasyPIM Orchestrator with Integrated Authentication	2025-09-07T11:54:42.8111229Z [36;1m  -VerboseOutput ('false' -eq 'true') `[0m
EasyPIM Orchestrator Execution	EasyPIM Orchestrator with Integrated Authentication	2025-09-07T11:54:42.8111527Z [36;1m  -ExportWouldRemove ('false' -eq 'true') `[0m
EasyPIM Orchestrator Execution	EasyPIM Orchestrator with Integrated Authentication	2025-09-07T11:54:42.8111808Z [36;1m  -ConfigSecretName '' `[0m
EasyPIM Orchestrator Execution	EasyPIM Orchestrator with Integrated Authentication	2025-09-07T11:54:42.8112050Z [36;1m  -RunDescription ''[0m
EasyPIM Orchestrator Execution	EasyPIM Orchestrator with Integrated Authentication	2025-09-07T11:54:42.8112266Z [36;1m[0m
EasyPIM Orchestrator Execution	EasyPIM Orchestrator with Integrated Authentication	2025-09-07T11:54:42.8112448Z [36;1mif (-not $success) {[0m
EasyPIM Orchestrator Execution	EasyPIM Orchestrator with Integrated Authentication	2025-09-07T11:54:42.8112750Z [36;1m  Write-Error "‚ùå EasyPIM Orchestrator execution failed"[0m
EasyPIM Orchestrator Execution	EasyPIM Orchestrator with Integrated Authentication	2025-09-07T11:54:42.8113066Z [36;1m  exit 1[0m
EasyPIM Orchestrator Execution	EasyPIM Orchestrator with Integrated Authentication	2025-09-07T11:54:42.8113248Z [36;1m}[0m
EasyPIM Orchestrator Execution	EasyPIM Orchestrator with Integrated Authentication	2025-09-07T11:54:42.8169190Z shell: /usr/bin/pwsh -command ". '{0}'"
EasyPIM Orchestrator Execution	EasyPIM Orchestrator with Integrated Authentication	2025-09-07T11:54:42.8169470Z env:
EasyPIM Orchestrator Execution	EasyPIM Orchestrator with Integrated Authentication	2025-09-07T11:54:42.8169656Z   KEYVAULT_NAME: kv-easypim-8368
EasyPIM Orchestrator Execution	EasyPIM Orchestrator with Integrated Authentication	2025-09-07T11:54:42.8169904Z   SECRET_NAME: easypim-config-json
EasyPIM Orchestrator Execution	EasyPIM Orchestrator with Integrated Authentication	2025-09-07T11:54:42.8170203Z   TENANT_ID: ***
EasyPIM Orchestrator Execution	EasyPIM Orchestrator with Integrated Authentication	2025-09-07T11:54:42.8170458Z   SUBSCRIPTION_ID: ***
EasyPIM Orchestrator Execution	EasyPIM Orchestrator with Integrated Authentication	2025-09-07T11:54:42.8170720Z   AZURE_CLIENT_ID: ***
EasyPIM Orchestrator Execution	EasyPIM Orchestrator with Integrated Authentication	2025-09-07T11:54:42.8170912Z ##[endgroup]
EasyPIM Orchestrator Execution	EasyPIM Orchestrator with Integrated Authentication	2025-09-07T11:54:43.0727398Z üöÄ Starting EasyPIM Orchestrator with integrated authentication...
EasyPIM Orchestrator Execution	EasyPIM Orchestrator with Integrated Authentication	2025-09-07T11:54:43.0729050Z üîó Setting up Microsoft Graph authentication...
EasyPIM Orchestrator Execution	EasyPIM Orchestrator with Integrated Authentication	2025-09-07T11:54:43.8560438Z ‚úÖ Successfully obtained Graph token, connecting to Microsoft Graph...
EasyPIM Orchestrator Execution	EasyPIM Orchestrator with Integrated Authentication	2025-09-07T11:54:43.9223378Z üîó Connecting to Microsoft Graph with clean session...
EasyPIM Orchestrator Execution	EasyPIM Orchestrator with Integrated Authentication	2025-09-07T11:54:44.3561429Z ‚úÖ Connected to Microsoft Graph successfully
EasyPIM Orchestrator Execution	EasyPIM Orchestrator with Integrated Authentication	2025-09-07T11:54:44.3582339Z üîç Microsoft Graph Context:
EasyPIM Orchestrator Execution	EasyPIM Orchestrator with Integrated Authentication	2025-09-07T11:54:44.3592129Z    ClientId: ***
EasyPIM Orchestrator Execution	EasyPIM Orchestrator with Integrated Authentication	2025-09-07T11:54:44.3599665Z    TenantId: ***
EasyPIM Orchestrator Execution	EasyPIM Orchestrator with Integrated Authentication	2025-09-07T11:54:44.3610969Z    Scopes: RoleManagementPolicy.ReadWrite.Directory, PrivilegedEligibilitySchedule.ReadWrite.AzureADGroup, PrivilegedAssignmentSchedule.ReadWrite.AzureADGroup, RoleManagementPolicy.ReadWrite.AzureADGroup, Directory.Read.All, User.Read.All, PrivilegedAccess.ReadWrite.AzureResources, RoleManagement.ReadWrite.Directory, PrivilegedAccess.ReadWrite.AzureADGroup
EasyPIM Orchestrator Execution	EasyPIM Orchestrator with Integrated Authentication	2025-09-07T11:54:44.3613033Z üîó Setting up Azure PowerShell authentication...
EasyPIM Orchestrator Execution	EasyPIM Orchestrator with Integrated Authentication	2025-09-07T11:54:45.5125773Z ‚úÖ Azure PowerShell authentication verified
EasyPIM Orchestrator Execution	EasyPIM Orchestrator with Integrated Authentication	2025-09-07T11:54:45.5143467Z    Account: ***
EasyPIM Orchestrator Execution	EasyPIM Orchestrator with Integrated Authentication	2025-09-07T11:54:45.5157918Z    Tenant: ***
EasyPIM Orchestrator Execution	EasyPIM Orchestrator with Integrated Authentication	2025-09-07T11:54:45.5171910Z    Subscription: ***
EasyPIM Orchestrator Execution	EasyPIM Orchestrator with Integrated Authentication	2025-09-07T11:54:45.5173349Z üîç Verifying EasyPIM.Orchestrator module...
EasyPIM Orchestrator Execution	EasyPIM Orchestrator with Integrated Authentication	2025-09-07T11:54:47.7758889Z ‚úÖ EasyPIM.Orchestrator module verified (v1.2.9)
EasyPIM Orchestrator Execution	EasyPIM Orchestrator with Integrated Authentication	2025-09-07T11:54:47.7759491Z üöÄ Executing EasyPIM Orchestrator...
EasyPIM Orchestrator Execution	EasyPIM Orchestrator with Integrated Authentication	2025-09-07T11:54:47.7760304Z    Mode: delta
EasyPIM Orchestrator Execution	EasyPIM Orchestrator with Integrated Authentication	2025-09-07T11:54:47.7766213Z    WhatIf: True
EasyPIM Orchestrator Execution	EasyPIM Orchestrator with Integrated Authentication	2025-09-07T11:54:47.7767540Z    Key Vault: kv-easypim-8368
EasyPIM Orchestrator Execution	EasyPIM Orchestrator with Integrated Authentication	2025-09-07T11:54:47.7769205Z    Secret: easypim-config-json
EasyPIM Orchestrator Execution	EasyPIM Orchestrator with Integrated Authentication	2025-09-07T11:54:47.7803103Z üöÄ Calling Invoke-EasyPIMOrchestrator with enhanced debugging...
EasyPIM Orchestrator Execution	EasyPIM Orchestrator with Integrated Authentication	2025-09-07T11:54:47.7804191Z üìä Capturing orchestrator output for dashboard...
EasyPIM Orchestrator Execution	EasyPIM Orchestrator with Integrated Authentication	2025-09-07T11:54:47.8140174Z What if: Performing the operation "Execute" on target "EasyPIM Orchestration lifecycle".
EasyPIM Orchestrator Execution	EasyPIM Orchestrator with Integrated Authentication	2025-09-07T11:54:49.8451693Z What if: Performing the operation "Set variable" on target "Name: TenantId Value: ***".
EasyPIM Orchestrator Execution	EasyPIM Orchestrator with Integrated Authentication	2025-09-07T11:54:49.8459086Z What if: Performing the operation "Set variable" on target "Name: SubscriptionId Value: ***".
EasyPIM Orchestrator Execution	EasyPIM Orchestrator with Integrated Authentication	2025-09-07T11:54:55.7949399Z What if: Performing the operation "Set variable" on target "Name: SubscriptionId Value: ***".
EasyPIM Orchestrator Execution	EasyPIM Orchestrator with Integrated Authentication	2025-09-07T11:54:55.7995381Z What if: Performing the operation "Apply policies" on target "Tenant ***".
EasyPIM Orchestrator Execution	EasyPIM Orchestrator with Integrated Authentication	2025-09-07T11:54:55.8172410Z What if: Performing the operation "Azure Role Policies" on target "Apply Azure Role Policy configurations:
EasyPIM Orchestrator Execution	EasyPIM Orchestrator with Integrated Authentication	2025-09-07T11:54:55.8174067Z     * Role: 'Reader' | Scope: '/subscriptions/***' | Activation Duration: PT12H | MFA Required: No | Justification Required: No | Approval Required: False | Max Eligibility:  | Permanent Eligibility: Not Allowed
EasyPIM Orchestrator Execution	EasyPIM Orchestrator with Integrated Authentication	2025-09-07T11:54:55.8176023Z     * Role: 'Tag Contributor' | Scope: '/subscriptions/***' | Activation Duration: PT8H | MFA Required: No | Justification Required: Yes | Approval Required: False | Max Eligibility:  | Permanent Eligibility: Not Allowed
EasyPIM Orchestrator Execution	EasyPIM Orchestrator with Integrated Authentication	2025-09-07T11:54:55.8178317Z     * Role: 'Storage Table Data Contributor' | Scope: '/subscriptions/***/resourceGroups/cloud-shell-storage-westeurope/providers/Microsoft.Storage/storageAccounts/devjnsppstorlb2a2z' | Activation Duration: PT8H | MFA Required: No | Justification Required: No | Approval Required:  | Max Eligibility:  | Permanent Eligibility: Allowed
EasyPIM Orchestrator Execution	EasyPIM Orchestrator with Integrated Authentication	2025-09-07T11:54:55.8181025Z     * Role: 'Contributor' | Scope: '/subscriptions/***' | Activation Duration: PT30M | MFA Required: No | Justification Required: Yes | Approval Required: True | Approvers: IAM_approvers (2ab3f204-9c6f-409d-a9bd-6e302a0132db) | Authentication Context: c1:HighRiskOperations | Max Eligibility: P90D | Permanent Eligibility: Not Allowed".
EasyPIM Orchestrator Execution	EasyPIM Orchestrator with Integrated Authentication	2025-09-07T11:54:56.3139846Z What if: Performing the operation "Entra Role Policies" on target "Apply Entra Role Policy configurations:
EasyPIM Orchestrator Execution	EasyPIM Orchestrator with Integrated Authentication	2025-09-07T11:54:56.3141293Z     * Role: 'Guest Inviter' | Activation Duration: PT8H | Requirements: MultiFactorAuthentication, Justification | Approval Required: False
EasyPIM Orchestrator Execution	EasyPIM Orchestrator with Integrated Authentication	2025-09-07T11:54:56.3142752Z     * Role: 'testrole' | Activation Duration: PT8H | Requirements: MultiFactorAuthentication, Justification | Approval Required: False
EasyPIM Orchestrator Execution	EasyPIM Orchestrator with Integrated Authentication	2025-09-07T11:54:56.3145385Z     * Role: 'User Administrator' | Activation Duration: PT2H | Requirements: MultiFactorAuthentication, Justification | Approval Required: True | Approvers: @{Name=IAM_approvers; id=2ab3f204-9c6f-409d-a9bd-6e302a0132db} | Authentication Context: c1:HighRiskOperations | Max Eligibility: P90D | Permanent Eligibility: Not Allowed
EasyPIM Orchestrator Execution	EasyPIM Orchestrator with Integrated Authentication	2025-09-07T11:54:56.3148715Z     * Role: 'Security Administrator' [‚ö†Ô∏è PROTECTED - BLOCKED] | Activation Duration: PT8H | Requirements: MultiFactorAuthentication, Justification | Approval Required: False
EasyPIM Orchestrator Execution	EasyPIM Orchestrator with Integrated Authentication	2025-09-07T11:54:56.3151901Z     * Role: 'Global Administrator' [‚ö†Ô∏è PROTECTED - BLOCKED] | Activation Duration: PT1H | Requirements: MultiFactorAuthentication, Justification | Approval Required: True | Approvers: @{Name=IAM_approvers; id=2ab3f204-9c6f-409d-a9bd-6e302a0132db} | Authentication Context: c1:HighRiskOperations | Max Eligibility: P60D | Permanent Eligibility: Not Allowed
EasyPIM Orchestrator Execution	EasyPIM Orchestrator with Integrated Authentication	2025-09-07T11:54:56.3154947Z     * Role: 'Exchange Administrator' | Activation Duration: PT8H | Requirements: MultiFactorAuthentication, Justification | Approval Required: True | [WARNING: ApprovalRequired is true but no Approvers specified!]".
EasyPIM Orchestrator Execution	EasyPIM Orchestrator with Integrated Authentication	2025-09-07T11:54:56.3174240Z What if: Performing the operation "Group Policies" on target "Apply Group Policy configurations:
EasyPIM Orchestrator Execution	EasyPIM Orchestrator with Integrated Authentication	2025-09-07T11:54:56.3176704Z     * Group ID: 'b08e4e66-2d4c-4804-be04-f37d2b038342' | Role: 'Member' | Activation Duration: PT2H | MFA Required: No | Justification Required: Yes | Approval Required: True | Approvers: IAM_approvers (2ab3f204-9c6f-409d-a9bd-6e302a0132db) | Authentication Context: c1:HighRiskOperations | Max Eligibility: P90D | Permanent Eligibility: Not Allowed
EasyPIM Orchestrator Execution	EasyPIM Orchestrator with Integrated Authentication	2025-09-07T11:54:56.3180325Z     * Group ID: 'b08e4e66-2d4c-4804-be04-f37d2b038342' | Role: 'Owner' | Activation Duration: PT1H | MFA Required: No | Justification Required: Yes | Approval Required: True | Approvers: IAM_approvers (2ab3f204-9c6f-409d-a9bd-6e302a0132db) | Authentication Context: c1:HighRiskOperations | Max Eligibility: P30D | Permanent Eligibility: Not Allowed".
EasyPIM Orchestrator Execution	EasyPIM Orchestrator with Integrated Authentication	2025-09-07T11:54:56.3238893Z What if: Performing the operation "Invoke EasyPIM cleanup" on target "Cleanup operations".
EasyPIM Orchestrator Execution	EasyPIM Orchestrator with Integrated Authentication	2025-09-07T11:54:56.8824515Z ‚úÖ EasyPIM Orchestrator completed successfully!
EasyPIM Orchestrator Execution	Generate Modern Dashboard Summary	Ôªø2025-09-07T11:54:56.9660813Z ##[group]Run . ./scripts/workflows/Generate-OrchestratorDashboard.ps1 `
EasyPIM Orchestrator Execution	Generate Modern Dashboard Summary	2025-09-07T11:54:56.9661367Z [36;1m. ./scripts/workflows/Generate-OrchestratorDashboard.ps1 `[0m
EasyPIM Orchestrator Execution	Generate Modern Dashboard Summary	2025-09-07T11:54:56.9661738Z [36;1m  -JobStatus 'success' `[0m
EasyPIM Orchestrator Execution	Generate Modern Dashboard Summary	2025-09-07T11:54:56.9661984Z [36;1m  -WhatIfMode 'true' `[0m
EasyPIM Orchestrator Execution	Generate Modern Dashboard Summary	2025-09-07T11:54:56.9662222Z [36;1m  -ConfigSecretName '' `[0m
EasyPIM Orchestrator Execution	Generate Modern Dashboard Summary	2025-09-07T11:54:56.9662460Z [36;1m  -RunDescription '' `[0m
EasyPIM Orchestrator Execution	Generate Modern Dashboard Summary	2025-09-07T11:54:56.9662691Z [36;1m  -Mode 'delta' `[0m
EasyPIM Orchestrator Execution	Generate Modern Dashboard Summary	2025-09-07T11:54:56.9662934Z [36;1m  -KeyVaultName 'kv-easypim-8368' `[0m
EasyPIM Orchestrator Execution	Generate Modern Dashboard Summary	2025-09-07T11:54:56.9663227Z [36;1m  -SecretName 'easypim-config-json' `[0m
EasyPIM Orchestrator Execution	Generate Modern Dashboard Summary	2025-09-07T11:54:56.9663596Z [36;1m  -TenantId '***' `[0m
EasyPIM Orchestrator Execution	Generate Modern Dashboard Summary	2025-09-07T11:54:56.9663902Z [36;1m  -SubscriptionId '***' `[0m
EasyPIM Orchestrator Execution	Generate Modern Dashboard Summary	2025-09-07T11:54:56.9664148Z [36;1m  -SkipPolicies 'false' `[0m
EasyPIM Orchestrator Execution	Generate Modern Dashboard Summary	2025-09-07T11:54:56.9664391Z [36;1m  -SkipAssignments 'false' `[0m
EasyPIM Orchestrator Execution	Generate Modern Dashboard Summary	2025-09-07T11:54:56.9664648Z [36;1m  -AllowProtectedRoles 'false' `[0m
EasyPIM Orchestrator Execution	Generate Modern Dashboard Summary	2025-09-07T11:54:56.9665001Z [36;1m  -GitHubRepository 'kayasax/EasyPIM-EventDriven-Governance' `[0m
EasyPIM Orchestrator Execution	Generate Modern Dashboard Summary	2025-09-07T11:54:56.9665578Z [36;1m  -GitHubRunId '17528139634' `[0m
EasyPIM Orchestrator Execution	Generate Modern Dashboard Summary	2025-09-07T11:54:56.9665831Z [36;1m  -GitHubRunNumber '94'[0m
EasyPIM Orchestrator Execution	Generate Modern Dashboard Summary	2025-09-07T11:54:56.9719684Z shell: /usr/bin/pwsh -command ". '{0}'"
EasyPIM Orchestrator Execution	Generate Modern Dashboard Summary	2025-09-07T11:54:56.9719949Z env:
EasyPIM Orchestrator Execution	Generate Modern Dashboard Summary	2025-09-07T11:54:56.9720140Z   KEYVAULT_NAME: kv-easypim-8368
EasyPIM Orchestrator Execution	Generate Modern Dashboard Summary	2025-09-07T11:54:56.9720383Z   SECRET_NAME: easypim-config-json
EasyPIM Orchestrator Execution	Generate Modern Dashboard Summary	2025-09-07T11:54:56.9720682Z   TENANT_ID: ***
EasyPIM Orchestrator Execution	Generate Modern Dashboard Summary	2025-09-07T11:54:56.9720933Z   SUBSCRIPTION_ID: ***
EasyPIM Orchestrator Execution	Generate Modern Dashboard Summary	2025-09-07T11:54:56.9721186Z   AZURE_CLIENT_ID: ***
EasyPIM Orchestrator Execution	Generate Modern Dashboard Summary	2025-09-07T11:54:56.9721377Z ##[endgroup]
EasyPIM Orchestrator Execution	Generate Modern Dashboard Summary	2025-09-07T11:54:57.2244794Z üìä Generating modern dashboard summary...
EasyPIM Orchestrator Execution	Generate Modern Dashboard Summary	2025-09-07T11:54:57.2955601Z ‚úÖ Modern dashboard summary generated
EasyPIM Orchestrator Execution	Generate Modern Dashboard Summary	2025-09-07T11:54:57.2963660Z True
EasyPIM Orchestrator Execution	Prepare Execution Artifacts	Ôªø2025-09-07T11:54:57.3405011Z ##[group]Run . ./scripts/workflows/Collect-OrchestratorArtifacts.ps1 `
EasyPIM Orchestrator Execution	Prepare Execution Artifacts	2025-09-07T11:54:57.3405935Z [36;1m. ./scripts/workflows/Collect-OrchestratorArtifacts.ps1 `[0m
EasyPIM Orchestrator Execution	Prepare Execution Artifacts	2025-09-07T11:54:57.3406279Z [36;1m  -RunId '17528139634' `[0m
EasyPIM Orchestrator Execution	Prepare Execution Artifacts	2025-09-07T11:54:57.3406517Z [36;1m  -RunNumber '94' `[0m
EasyPIM Orchestrator Execution	Prepare Execution Artifacts	2025-09-07T11:54:57.3406754Z [36;1m  -JobStatus 'success' `[0m
EasyPIM Orchestrator Execution	Prepare Execution Artifacts	2025-09-07T11:54:57.3407161Z [36;1m  -WhatIf 'true' `[0m
EasyPIM Orchestrator Execution	Prepare Execution Artifacts	2025-09-07T11:54:57.3407384Z [36;1m  -Mode 'delta' `[0m
EasyPIM Orchestrator Execution	Prepare Execution Artifacts	2025-09-07T11:54:57.3407640Z [36;1m  -SecretName 'easypim-config-json' `[0m
EasyPIM Orchestrator Execution	Prepare Execution Artifacts	2025-09-07T11:54:57.3407932Z [36;1m  -KeyVaultName 'kv-easypim-8368' `[0m
EasyPIM Orchestrator Execution	Prepare Execution Artifacts	2025-09-07T11:54:57.3408199Z [36;1m  -ConfigSecretName ''[0m
EasyPIM Orchestrator Execution	Prepare Execution Artifacts	2025-09-07T11:54:57.3461485Z shell: /usr/bin/pwsh -command ". '{0}'"
EasyPIM Orchestrator Execution	Prepare Execution Artifacts	2025-09-07T11:54:57.3461757Z env:
EasyPIM Orchestrator Execution	Prepare Execution Artifacts	2025-09-07T11:54:57.3461942Z   KEYVAULT_NAME: kv-easypim-8368
EasyPIM Orchestrator Execution	Prepare Execution Artifacts	2025-09-07T11:54:57.3462189Z   SECRET_NAME: easypim-config-json
EasyPIM Orchestrator Execution	Prepare Execution Artifacts	2025-09-07T11:54:57.3462499Z   TENANT_ID: ***
EasyPIM Orchestrator Execution	Prepare Execution Artifacts	2025-09-07T11:54:57.3462755Z   SUBSCRIPTION_ID: ***
EasyPIM Orchestrator Execution	Prepare Execution Artifacts	2025-09-07T11:54:57.3463045Z   AZURE_CLIENT_ID: ***
EasyPIM Orchestrator Execution	Prepare Execution Artifacts	2025-09-07T11:54:57.3463236Z ##[endgroup]
EasyPIM Orchestrator Execution	Prepare Execution Artifacts	2025-09-07T11:54:57.5822360Z üì¶ Preparing execution artifacts...
EasyPIM Orchestrator Execution	Prepare Execution Artifacts	2025-09-07T11:54:57.6750195Z ‚úÖ Collected 2 artifact files
EasyPIM Orchestrator Execution	Prepare Execution Artifacts	2025-09-07T11:54:57.6779001Z    üìÑ easypim-module-versions.json
EasyPIM Orchestrator Execution	Prepare Execution Artifacts	2025-09-07T11:54:57.6781420Z    üìÑ easypim-module-versions.json
EasyPIM Orchestrator Execution	Prepare Execution Artifacts	2025-09-07T11:54:57.6819783Z üìã Execution report and manifest created
EasyPIM Orchestrator Execution	Prepare Execution Artifacts	2025-09-07T11:54:57.6821066Z ‚úÖ Artifacts prepared for upload
EasyPIM Orchestrator Execution	Prepare Execution Artifacts	2025-09-07T11:54:57.6824863Z True
EasyPIM Orchestrator Execution	Upload Execution Artifacts	Ôªø2025-09-07T11:54:57.7308165Z ##[group]Run actions/upload-artifact@v4
EasyPIM Orchestrator Execution	Upload Execution Artifacts	2025-09-07T11:54:57.7308469Z with:
EasyPIM Orchestrator Execution	Upload Execution Artifacts	2025-09-07T11:54:57.7308670Z   name: easypim-execution-94-default
EasyPIM Orchestrator Execution	Upload Execution Artifacts	2025-09-07T11:54:57.7308957Z   path: ./workflow-artifacts/
EasyPIM Orchestrator Execution	Upload Execution Artifacts	2025-09-07T11:54:57.7309188Z   retention-days: 30
EasyPIM Orchestrator Execution	Upload Execution Artifacts	2025-09-07T11:54:57.7309393Z   if-no-files-found: warn
EasyPIM Orchestrator Execution	Upload Execution Artifacts	2025-09-07T11:54:57.7309601Z   compression-level: 6
EasyPIM Orchestrator Execution	Upload Execution Artifacts	2025-09-07T11:54:57.7309804Z   overwrite: false
EasyPIM Orchestrator Execution	Upload Execution Artifacts	2025-09-07T11:54:57.7310003Z   include-hidden-files: false
EasyPIM Orchestrator Execution	Upload Execution Artifacts	2025-09-07T11:54:57.7310214Z env:
EasyPIM Orchestrator Execution	Upload Execution Artifacts	2025-09-07T11:54:57.7310395Z   KEYVAULT_NAME: kv-easypim-8368
EasyPIM Orchestrator Execution	Upload Execution Artifacts	2025-09-07T11:54:57.7310636Z   SECRET_NAME: easypim-config-json
EasyPIM Orchestrator Execution	Upload Execution Artifacts	2025-09-07T11:54:57.7310997Z   TENANT_ID: ***
EasyPIM Orchestrator Execution	Upload Execution Artifacts	2025-09-07T11:54:57.7311251Z   SUBSCRIPTION_ID: ***
EasyPIM Orchestrator Execution	Upload Execution Artifacts	2025-09-07T11:54:57.7311509Z   AZURE_CLIENT_ID: ***
EasyPIM Orchestrator Execution	Upload Execution Artifacts	2025-09-07T11:54:57.7311703Z ##[endgroup]
EasyPIM Orchestrator Execution	Upload Execution Artifacts	2025-09-07T11:54:57.9428558Z With the provided path, there will be 4 files uploaded
EasyPIM Orchestrator Execution	Upload Execution Artifacts	2025-09-07T11:54:57.9433397Z Artifact name is valid!
EasyPIM Orchestrator Execution	Upload Execution Artifacts	2025-09-07T11:54:57.9434793Z Root directory input is valid!
EasyPIM Orchestrator Execution	Upload Execution Artifacts	2025-09-07T11:54:58.2234301Z Beginning upload of artifact content to blob storage
EasyPIM Orchestrator Execution	Upload Execution Artifacts	2025-09-07T11:54:58.4988603Z Uploaded bytes 5158
EasyPIM Orchestrator Execution	Upload Execution Artifacts	2025-09-07T11:54:58.5707863Z Finished uploading artifact content to blob storage!
EasyPIM Orchestrator Execution	Upload Execution Artifacts	2025-09-07T11:54:58.5711723Z SHA256 digest of uploaded artifact zip is 86bda70b89050d5926642248d64e3541aa9d2d3b3b2d6332e04c504205b7b458
EasyPIM Orchestrator Execution	Upload Execution Artifacts	2025-09-07T11:54:58.5713015Z Finalizing artifact upload
EasyPIM Orchestrator Execution	Upload Execution Artifacts	2025-09-07T11:54:58.6958783Z Artifact easypim-execution-94-default.zip successfully finalized. Artifact ID 3947125199
EasyPIM Orchestrator Execution	Upload Execution Artifacts	2025-09-07T11:54:58.6960183Z Artifact easypim-execution-94-default has been successfully uploaded! Final size is 5158 bytes. Artifact ID is 3947125199
EasyPIM Orchestrator Execution	Upload Execution Artifacts	2025-09-07T11:54:58.6969397Z Artifact download URL: https://github.com/kayasax/EasyPIM-EventDriven-Governance/actions/runs/17528139634/artifacts/3947125199
EasyPIM Orchestrator Execution	Post Azure OIDC Login	Ôªø2025-09-07T11:54:58.7108858Z Post job cleanup.
EasyPIM Orchestrator Execution	Post Azure OIDC Login	2025-09-07T11:54:58.7547664Z Clearing azure cli accounts from the local cache.
EasyPIM Orchestrator Execution	Post Azure OIDC Login	2025-09-07T11:54:58.7560153Z [command]/usr/bin/az account clear
EasyPIM Orchestrator Execution	Post Azure OIDC Login	2025-09-07T11:55:00.5243050Z {
EasyPIM Orchestrator Execution	Post Azure OIDC Login	2025-09-07T11:55:00.5243467Z   Success: true,
EasyPIM Orchestrator Execution	Post Azure OIDC Login	2025-09-07T11:55:00.5244181Z   Result: '/home/runner/.local/share/powershell/Modules/Az.Accounts/5.3.0/Az.Accounts.psd1'
EasyPIM Orchestrator Execution	Post Azure OIDC Login	2025-09-07T11:55:00.5244893Z }
EasyPIM Orchestrator Execution	Post Azure OIDC Login	2025-09-07T11:55:00.5245884Z Clearing azure powershell accounts from the local cache.
EasyPIM Orchestrator Execution	Post Azure OIDC Login	2025-09-07T11:55:00.5249579Z [command]/usr/bin/pwsh -Command Clear-AzContext -Scope Process
EasyPIM Orchestrator Execution	Post Azure OIDC Login	2025-09-07T11:55:02.3834631Z [33;1mWARNING: You're using Az version 12.5.0. The latest version of Az is 14.4.0. Upgrade your Az modules using the following commands:
EasyPIM Orchestrator Execution	Post Azure OIDC Login	2025-09-07T11:55:02.3835900Z   Update-PSResource Az -WhatIf    -- Simulate updating your Az modules.
EasyPIM Orchestrator Execution	Post Azure OIDC Login	2025-09-07T11:55:02.3836637Z   Update-PSResource Az            -- Update your Az modules.
EasyPIM Orchestrator Execution	Post Azure OIDC Login	2025-09-07T11:55:02.3837353Z There will be breaking changes from 12.5.0 to 14.4.0. Open https://go.microsoft.com/fwlink/?linkid=2241373 and check the details.[0m
EasyPIM Orchestrator Execution	Post Azure OIDC Login	2025-09-07T11:55:02.4719250Z [command]/usr/bin/pwsh -Command Clear-AzContext -Scope CurrentUser -Force -ErrorAction SilentlyContinue
EasyPIM Orchestrator Execution	Post Checkout Repository	Ôªø2025-09-07T11:55:03.8928851Z Post job cleanup.
EasyPIM Orchestrator Execution	Post Checkout Repository	2025-09-07T11:55:03.9835097Z [command]/usr/bin/git version
EasyPIM Orchestrator Execution	Post Checkout Repository	2025-09-07T11:55:03.9871109Z git version 2.51.0
EasyPIM Orchestrator Execution	Post Checkout Repository	2025-09-07T11:55:03.9913572Z Temporarily overriding HOME='/home/runner/work/_temp/a7573da7-0f72-4edd-b2b9-60f5c8c4139a' before making global git config changes
EasyPIM Orchestrator Execution	Post Checkout Repository	2025-09-07T11:55:03.9914851Z Adding repository directory to the temporary git global config as a safe directory
EasyPIM Orchestrator Execution	Post Checkout Repository	2025-09-07T11:55:03.9927893Z [command]/usr/bin/git config --global --add safe.directory /home/runner/work/EasyPIM-EventDriven-Governance/EasyPIM-EventDriven-Governance
EasyPIM Orchestrator Execution	Post Checkout Repository	2025-09-07T11:55:03.9963666Z [command]/usr/bin/git config --local --name-only --get-regexp core\.sshCommand
EasyPIM Orchestrator Execution	Post Checkout Repository	2025-09-07T11:55:03.9998278Z [command]/usr/bin/git submodule foreach --recursive sh -c "git config --local --name-only --get-regexp 'core\.sshCommand' && git config --local --unset-all 'core.sshCommand' || :"
EasyPIM Orchestrator Execution	Post Checkout Repository	2025-09-07T11:55:04.0248221Z [command]/usr/bin/git config --local --name-only --get-regexp http\.https\:\/\/github\.com\/\.extraheader
EasyPIM Orchestrator Execution	Post Checkout Repository	2025-09-07T11:55:04.0270707Z http.https://github.com/.extraheader
EasyPIM Orchestrator Execution	Post Checkout Repository	2025-09-07T11:55:04.0288803Z [command]/usr/bin/git config --local --unset-all http.https://github.com/.extraheader
EasyPIM Orchestrator Execution	Post Checkout Repository	2025-09-07T11:55:04.0318153Z [command]/usr/bin/git submodule foreach --recursive sh -c "git config --local --name-only --get-regexp 'http\.https\:\/\/github\.com\/\.extraheader' && git config --local --unset-all 'http.https://github.com/.extraheader' || :"
EasyPIM Orchestrator Execution	Complete job	Ôªø2025-09-07T11:55:04.0632091Z Cleaning up orphan processes
